共 190 个源，并发 3，每个下载 1.0s
[1/190] BAD http_503   CCTV1
[2/190] OK  ok         CCTV1
[3/190] OK  ok         CCTV2
[4/190] BAD http_503   CCTV3
[5/190] OK  ok         CCTV3
[6/190] OK  ok         CCTV2
[7/190] OK  ok         CCTV4
[8/190] OK  ok         CCTV4
[9/190] OK  ok         CCTV5
[10/190] OK  ok         CCTV5+
[11/190] OK  ok         CCTV6
[12/190] OK  ok         CCTV5
[13/190] OK  ok         CCTV7
[14/190] OK  ok         CCTV6
[15/190] OK  ok         CCTV7
[16/190] OK  ok         CCTV8
[17/190] OK  ok         CCTV9
[18/190] OK  ok         CCTV8
[19/190] OK  ok         CCTV10
[20/190] OK  ok         CCTV10
[21/190] OK  ok         CCTV11
[22/190] OK  ok         CCTV11
[23/190] OK  ok         CCTV12
[24/190] OK  ok         CCTV12
[25/190] OK  ok         CCTV13
[26/190] OK  ok         CCTV13
[27/190] OK  ok         CCTV14
[28/190] OK  ok         CCTV14
[29/190] OK  ok         CCTV15
[30/190] OK  ok         CCTV15
[31/190] OK  ok         CCTV16
[32/190] OK  ok         CCTV17
[33/190] OK  ok         CCTV17
[34/190] OK  ok         环球奇观
[35/190] OK  ok         浙江卫视
[36/190] BAD http_503   浙江卫视
[37/190] OK  ok         深圳卫视
[38/190] OK  ok         深圳卫视
[39/190] OK  ok         广东卫视
[40/190] BAD http_503   广东卫视
[41/190] OK  ok         湖南卫视
[42/190] OK  ok         广东卫视
[43/190] OK  ok         湖南卫视
[44/190] OK  ok         天津卫视
[45/190] OK  ok         天津卫视
[46/190] OK  ok         山东卫视
[47/190] OK  ok         山东卫视
[48/190] OK  ok         江苏卫视
[49/190] OK  ok         江苏卫视
[50/190] OK  ok         北京卫视
[51/190] OK  ok         北京卫视
[52/190] OK  ok         北京卫视
[53/190] OK  ok         纪实科教
[54/190] OK  ok         四川卫视
[55/190] OK  ok         四川卫视
[56/190] OK  ok         河北卫视
[57/190] OK  ok         河北卫视
[58/190] OK  ok         辽宁卫视
[59/190] OK  ok         辽宁卫视
[60/190] OK  ok         贵州卫视
[61/190] OK  ok         贵州卫视
[62/190] OK  ok         重庆卫视
[63/190] OK  ok         重庆卫视
[64/190] OK  ok         河南卫视
[65/190] OK  ok         河南卫视
[66/190] OK  ok         江西卫视
[67/190] OK  ok         江西卫视
[68/190] OK  ok         东南卫视
[69/190] OK  ok         东南卫视
[70/190] OK  ok         安徽卫视
[71/190] OK  ok         安徽卫视
[72/190] OK  ok         湖北卫视
[73/190] OK  ok         湖北卫视
[74/190] OK  ok         黑龙江卫视
[75/190] OK  ok         黑龙江卫视
[76/190] OK  ok         东方卫视
[77/190] OK  ok         东方卫视
[78/190] OK  ok         甘肃卫视
[79/190] OK  ok         甘肃卫视
[80/190] OK  ok         海南卫视
[81/190] OK  ok         海南卫视
[82/190] OK  ok         广西卫视
[83/190] OK  ok         广西卫视
[84/190] OK  ok         云南卫视
[85/190] OK  ok         云南卫视
[86/190] OK  ok         吉林卫视
[87/190] OK  ok         吉林卫视
[88/190] OK  ok         三沙卫视
[89/190] OK  ok         内蒙古卫视
[90/190] OK  ok         青海卫视
[91/190] OK  ok         西藏卫视
[92/190] OK  ok         西藏卫视
[93/190] OK  ok         陕西卫视
[94/190] OK  ok         兵团卫视
[95/190] OK  ok         兵团卫视
[96/190] OK  ok         山西卫视
[97/190] OK  ok         宁夏卫视
[98/190] OK  ok         宁夏卫视
[99/190] OK  ok         新疆卫视
[100/190] OK  ok         中国教育1台
[101/190] OK  ok         中国教育1台
[102/190] BAD http_503   中国教育4台
[103/190] OK  ok         中国教育4台
[104/190] OK  ok         CCTV16
[105/190] OK  ok         北京卫视
[106/190] OK  ok         广东卫视
[107/190] OK  ok         深圳卫视
[108/190] OK  ok         浙江卫视
[109/190] OK  ok         东方卫视
[110/190] OK  ok         湖南卫视
[111/190] OK  ok         江苏卫视
[112/190] OK  ok         山东卫视
[113/190] OK  ok         四川卫视
[114/190] OK  ok         多彩文体
[115/190] OK  ok         BesTV-2
[116/190] OK  ok         BesTV-1
[117/190] OK  ok         BesTV-3
[118/190] BAD http_503   凤凰中文
[119/190] OK  ok         凤凰中文
[120/190] OK  ok         凤凰资讯
[121/190] BAD http_503   凤凰资讯
[122/190] OK  ok         卡酷少儿
[123/190] OK  ok         金鹰卡通
[124/190] OK  ok         CGTN
[125/190] OK  ok         CGTN西班牙语
[126/190] OK  ok         CGTN法语
[127/190] OK  ok         CGTN俄罗斯语
[128/190] OK  ok         CGTN阿拉伯语
[129/190] OK  ok         温州新闻综合
[130/190] OK  ok         温州经济科技
[131/190] OK  ok         温州都市生活
[132/190] OK  ok         浙江钱江都市
[133/190] OK  ok         浙江经济生活
[134/190] OK  ok         浙江教科影视
[135/190] OK  ok         浙江民生休闲
[136/190] OK  ok         浙江公共新闻
[137/190] OK  ok         浙江少儿
[138/190] OK  ok         之江纪录
[139/190] OK  ok         杭州2明珠
[140/190] OK  ok         杭州1综合
[141/190] OK  ok         杭州3生活
[142/190] OK  ok         杭州5青少
[143/190] OK  ok         杭州4影视
[144/190] OK  ok         临平新闻
[145/190] OK  ok         宁波1新闻
[146/190] OK  ok         余杭新闻
[147/190] OK  ok         宁波2经济
[148/190] OK  ok         宁波3文体
[149/190] OK  ok         宁波4影视
[150/190] OK  ok         绍兴新闻综合
[151/190] BAD http_503   丽水新闻综合
[152/190] OK  ok         湖州新闻综合
[153/190] OK  ok         金华新闻综合
[154/190] OK  ok         衢州新闻综合
[155/190] OK  ok         嘉兴新闻综合
[156/190] OK  ok         桐乡新闻综合
[157/190] OK  ok         衢州公共
[158/190] OK  ok         都市剧场
[159/190] OK  ok         多彩文体
[160/190] OK  ok         法治天地
[161/190] OK  ok         游戏风云
[162/190] OK  ok         动漫秀场
[163/190] OK  ok         金色学堂
[164/190] OK  ok         生活时尚
[165/190] OK  ok         乐游
[166/190] OK  ok         快乐垂钓
[167/190] OK  ok         新动漫
[168/190] OK  ok         东方财经
[169/190] OK  ok         第一财经
[170/190] OK  ok         环球旅游
[171/190] OK  ok         生态环境
[172/190] OK  ok         江苏国际
[173/190] BAD http_503   哈哈炫动
[174/190] OK  ok         茶频道台
[175/190] BAD http_503   发现之旅
[176/190] OK  ok         高清直播
[177/190] OK  ok         晴彩羽毛球
[178/190] BAD http_503   衢州新闻
[179/190] OK  ok         少儿
[180/190] BAD http_503   台州新闻
[181/190] BAD http_503   新视觉台
[182/190] OK  ok         中国蓝直播
[183/190] OK  ok         浙江之声广播
[184/190] OK  ok         浙江新闻广播
[185/190] OK  ok         浙江经济广播
[186/190] OK  ok         浙江音乐调频
[187/190] OK  ok         浙江交通之声
[188/190] OK  ok         浙江旅游之声
[189/190] OK  ok         浙江城市之声
[190/190] OK  ok         浙江民生资讯广播

有效 177 -> /Users/bytedance/Documents/my/iptv/validate.m3u
无效 13 -> /Users/bytedance/Documents/my/iptv/invalidate.m3u
无效明细：
  [http_503] CCTV1 | http://192.168.12.1:9999/udp/233.50.201.99:5140
  [http_503] CCTV3 | http://192.168.12.1:9999/udp/233.50.201.16:5140
  [http_503] 浙江卫视 | http://192.168.12.1:9999/udp/233.50.200.231:5140
  [http_503] 广东卫视 | http://192.168.12.1:9999/udp/233.50.200.187:5140
  [http_503] 中国教育4台 | http://192.168.12.1:9999/udp/233.50.200.162:5140
  [http_503] 凤凰中文 | http://192.168.12.1:9999/udp/233.50.200.191:5140
  [http_503] 凤凰资讯 | http://192.168.12.1:9999/udp/233.50.200.192:5140
  [http_503] 丽水新闻综合 | http://192.168.12.1:9999/udp/233.50.201.162:5140
  [http_503] 哈哈炫动 | http://192.168.12.1:9999/udp/233.50.201.74:5140
  [http_503] 发现之旅 | http://192.168.12.1:9999/udp/233.50.201.98:5140
  [http_503] 衢州新闻 | http://192.168.12.1:9999/udp/233.50.201.155:5140
  [http_503] 台州新闻 | http://192.168.12.1:9999/udp/233.50.201.157:5140
  [http_503] 新视觉台 | http://192.168.12.1:9999/udp/233.50.201.244:5140
